// Jest Snapshot v1, https://goo.gl/fbAQLP

exports[`getOas3Securities give global securities but no schemes should return empty array 1`] = `Array []`;

exports[`getOas3Securities given global securities and matching operation scheme should take from operation 1`] = `
Array [
  Object {
    "type": "apiKey",
  },
]
`;

exports[`getOas3Securities given global securities and matching spec and invalid operation scheme should return empty array 1`] = `Array []`;

exports[`getOas3Securities given global securities and matching spec and operation scheme should take from operation 1`] = `
Array [
  Object {
    "type": "http",
  },
]
`;

exports[`getOas3Securities given global securities and matching spec scheme should take from spec 1`] = `
Array [
  Object {
    "type": "apiKey",
  },
]
`;

exports[`getOas3Securities given no global securities should return empty array 1`] = `Array []`;
