// Jest Snapshot v1, https://goo.gl/fbAQLP

exports[`responses.translator should translate to multiple responses 1`] = `
Array [
  Object {
    "code": "r1",
    "contents": Array [
      Object {
        "examples": Array [
          Object {
            "key": "e1",
            "value": Object {},
          },
        ],
        "mediaType": "*",
        "schema": Object {},
      },
    ],
    "description": "d1",
    "headers": Array [
      Object {
        "content": Object {},
        "name": "fake-header",
      },
    ],
  },
  Object {
    "code": "r2",
    "contents": Array [
      Object {
        "examples": Array [
          Object {
            "key": "e2",
            "value": Object {},
          },
        ],
        "mediaType": "*",
        "schema": Object {},
      },
    ],
    "description": "d2",
    "headers": Array [
      Object {
        "content": Object {},
        "name": "fake-header",
      },
    ],
  },
]
`;

exports[`responses.translator should translate to response w/o examples 1`] = `
Array [
  Object {
    "code": "r1",
    "contents": Array [
      Object {
        "examples": Array [],
        "mediaType": "*",
        "schema": Object {},
      },
    ],
    "description": "d1",
    "headers": Array [
      Object {
        "content": Object {},
        "name": "fake-header",
      },
    ],
  },
]
`;

exports[`responses.translator should translate to response w/o headers 1`] = `
Array [
  Object {
    "code": "r1",
    "contents": Array [
      Object {
        "examples": Array [
          Object {
            "key": "e1",
            "value": Object {},
          },
        ],
        "mediaType": "*",
        "schema": Object {},
      },
    ],
    "description": "d1",
    "headers": Array [
      Object {
        "content": Object {},
        "name": "fake-header",
      },
    ],
  },
]
`;
